Command: /Users/asbri/.espressif/python_env/idf6.0_py3.13_env/bin/python /Users/asbri/esp-idf/tools/idf_monitor.py -p /dev/cu.SLAB_USBtoUART -b 115200 --toolchain-prefix xtensa-esp32-elf- --target esp32 --revision 0 /Users/asbri/esp-idf/examples/protocols/http_server/simple/build/simple.elf /Users/asbri/esp-idf/examples/protocols/http_server/simple/build/bootloader/bootloader.elf -m '/Users/asbri/.espressif/python_env/idf6.0_py3.13_env/bin/python' '/Users/asbri/esp-idf/tools/idf.py' '-p' '/dev/cu.SLAB_USBtoUART'
tail 12 room 4
load:0x40078000,len:15904
load:0x40080400,len:3860
ï¿½]Aï¿½0xee
clk_drv:0x00,q_drv:0x00,d_drv:0x00,cs0_drv:0x00,hd_drv:0x00,wp_drv:0x00
mode:DIO, clock div:2
load:0x3fff0030,len:6380
ho 0 tail 12 room 4
load:0x40078000,len:15904
load:0x40080400,len:3860
ets Jul 29 2019 12:21:46

rst:0x1 (POWERON_RESET),boot:0x13 (SPI_FAST_FLASH_BOOT)
configsip: 0, SPIWP:0xee
clk_drv:0x00,q_drv:0x00,d_drv:0x00,cs0_drv:0x00,hd_drv:0x00,wp_drv:0x00
mode:DIO, clock div:2
load:0x3fff0030,len:6380
ho 0 tail 12 room 4
load:0x40078000,len:15904
load:0x40080400,len:3860
entry 0x40080638
[0;32mI (29) boot: ESP-IDF 35ea2ee0-dirty 2nd stage bootloader[0m
[0;32mI (29) boot: compile time May 24 2025 16:33:50[0m
[0;32mI (29) boot: Multicore bootloader[0m
[0;32mI (31) boot: chip revision: v3.0[0m
[0;32mI (34) boot.esp32: SPI Speed      : 40MHz[0m
[0;32mI (38) boot.esp32: SPI Mode       : DIO[0m
[0;32mI (41) boot.esp32: SPI Flash Size : 2MB[0m
[0;32mI (45) boot: Enabling RNG early entropy source...[0m
[0;32mI (49) boot: Partition Table:[0m
[0;32mI (52) boot: ## Label            Usage          Type ST Offset   Length[0m
[0;32mI (58) boot:  0 nvs              WiFi data        01 02 00009000 00006000[0m
[0;32mI (65) boot:  1 phy_init         RF data          01 01 0000f000 00001000[0m
[0;32mI (71) boot:  2 factory          factory app      00 00 00010000 00100000[0m
[0;32mI (78) boot: End of partition table[0m
[0;32mI (81) esp_image: segment 0: paddr=00010020 vaddr=3f400020 size=1c708h (116488) map[0m
[0;32mI (128) esp_image: segment 1: paddr=0002c730 vaddr=3ff80000 size=00020h (    32) load[0m
[0;32mI (129) esp_image: segment 2: paddr=0002c758 vaddr=3ffb0000 size=038c0h ( 14528) load[0m
[0;32mI (138) esp_image: segment 3: paddr=00030020 vaddr=400d0020 size=946f8h (607992) map[0m
[0;32mI (348) esp_image: segment 4: paddr=000c4720 vaddr=3ffb38c0 size=00570h (  1392) load[0m
[0;32mI (348) esp_image: segment 5: paddr=000c4c98 vaddr=40080000 size=17d20h ( 97568) load[0m
[0;32mI (401) boot: Loaded app from partition at offset 0x10000[0m
[0;32mI (401) boot: Disabling RNG early entropy source...[0m
[0;32mI (412) cpu_start: Multicore app[0m
[0;32mI (420) cpu_start: Pro cpu start user code[0m
[0;32mI (420) cpu_start: cpu freq: 160000000 Hz[0m
[0;32mI (420) app_init: Application information:[0m
[0;32mI (420) app_init: Project name:     simple[0m
[0;32mI (424) app_init: App version:      35ea2ee0-dirty[0m
[0;32mI (428) app_init: Compile time:     May 24 2025 16:33:46[0m
[0;32mI (433) app_init: ELF file SHA256:  a72a5c9b6...[0m
[0;32mI (438) app_init: ESP-IDF:          35ea2ee0-dirty[0m
[0;32mI (442) efuse_init: Min chip rev:     v0.0[0m
[0;32mI (446) efuse_init: Max chip rev:     v3.99 [0m
[0;32mI (450) efuse_init: Chip rev:         v3.0[0m
[0;32mI (454) heap_init: Initializing. RAM available for dynamic allocation:[0m
[0;32mI (460) heap_init: At 3FFAE6E0 len 00001920 (6 KiB): DRAM[0m
[0;32mI (465) heap_init: At 3FFB99B8 len 00026648 (153 KiB): DRAM[0m
[0;32mI (471) heap_init: At 3FFE0440 len 00003AE0 (14 KiB): D/IRAM[0m
[0;32mI (476) heap_init: At 3FFE4350 len 0001BCB0 (111 KiB): D/IRAM[0m
[0;32mI (481) heap_init: At 40097D20 len 000082E0 (32 KiB): IRAM[0m
[0;32mI (488) spi_flash: detected chip: generic[0m
[0;32mI (490) spi_flash: flash io: dio[0m
[0;33mW (493) spi_flash: Detected size(4096k) larger than the size in the binary image header(2048k). Using the size in the binary image header.[0m
[0;32mI (507) main_task: Started on CPU0[0m
[0;32mI (517) main_task: Calling app_main()[0m
[0;32mI (547) wifi:wifi driver task: 3ffc17c4, prio:23, stack:6656, core=0[0m
[0;32mI (547) wifi:wifi firmware version: cdb304370[0m
[0;32mI (547) wifi:wifi certification version: v7.0[0m
[0;32mI (547) wifi:config NVS flash: enabled[0m
[0;32mI (547) wifi:config nano formatting: disabled[0m
[0;32mI (557) wifi:Init data frame dynamic rx buffer num: 32[0m
[0;32mI (557) wifi:Init static rx mgmt buffer num: 5[0m
[0;32mI (567) wifi:Init management short buffer num: 32[0m
[0;32mI (567) wifi:Init dynamic tx buffer num: 32[0m
[0;32mI (567) wifi:Init static rx buffer size: 1600[0m
[0;32mI (577) wifi:Init static rx buffer num: 10[0m
[0;32mI (577) wifi:Init dynamic rx buffer num: 32[0m
[0;32mI (587) wifi_init: rx ba win: 6[0m
[0;32mI (587) wifi_init: accept mbox: 6[0m
[0;32mI (587) wifi_init: tcpip mbox: 32[0m
[0;32mI (587) wifi_init: udp mbox: 6[0m
[0;32mI (597) wifi_init: tcp mbox: 6[0m
[0;32mI (597) wifi_init: tcp tx win: 5760[0m
[0;32mI (597) wifi_init: tcp rx win: 5760[0m
[0;32mI (607) wifi_init: tcp mss: 1440[0m
[0;32mI (607) wifi_init: WiFi IRAM OP enabled[0m
[0;32mI (607) wifi_init: WiFi RX IRAM OP enabled[0m
[0;32mI (637) phy_init: phy_version 4860,6b7a6e5,Feb  6 2025,14:47:07[0m
[0;33mW (637) phy_init: failed to load RF calibration data (0x1102), falling back to full calibration[0m
[0;32mI (707) phy_init: Saving new calibration data due to checksum failure or outdated calibration data, mode(2)[0m
[0;32mI (717) wifi:mode : sta (cc:db:a7:68:6f:f0)[0m
[0;32mI (717) wifi:enable tsf[0m
[0;32mI (1597) wifi:new:<6,0>, old:<1,0>, ap:<255,255>, sta:<6,0>, prof:1, snd_ch_cfg:0x0[0m
[0;32mI (1597) wifi:state: init -> auth (0xb0)[0m
[0;32mI (1617) wifi:state: auth -> assoc (0x0)[0m
[0;32mI (1657) wifi:state: assoc -> run (0x10)[0m
[0;32mI (1877) wifi:connected with Iln, aid = 9, channel 6, BW20, bssid = a6:17:5b:a6:83:13[0m
[0;32mI (1877) wifi:security: WPA2-PSK, phy: bgn, rssi: -42[0m
[0;32mI (1887) wifi:pm start, type: 1[0m

[0;32mI (1887) wifi:dp: 1, bi: 102400, li: 3, scale listen interval from 307200 us to 307200 us[0m
[0;32mI (1917) wifi:<ba-add>idx:0 (ifx:0, a6:17:5b:a6:83:13), tid:0, ssn:1, winSize:64[0m
[0;32mI (1947) wifi:dp: 2, bi: 102400, li: 4, scale listen interval from 307200 us to 409600 us[0m
[0;32mI (1947) wifi:AP's beacon interval = 102400 us, DTIM period = 2[0m
[0;32mI (2917) esp_netif_handlers: sta ip: 192.168.167.21, mask: 255.255.255.0, gw: 192.168.167.61[0m
[0;32mI (2917) smart-home: Webserver started cu toate rutele Ã®nregistrate![0m
[0;32mI (2917) smart-home: ESP32 Smart Hub ready![0m
[0;32mI (2917) main_task: Returned from app_main()[0m
[1;31mE (278287) httpd: httpd_accept_conn: error in accept (128)[0m
[0;33mW (278287) httpd: httpd_server: error accepting new connection[0m
[1;31mE (280327) httpd: httpd_accept_conn: error in accept (128)[0m
[0;33mW (280327) httpd: httpd_server: error accepting new connection[0m
[1;31mE (283827) httpd: httpd_accept_conn: error in accept (128)[0m
[0;33mW (283827) httpd: httpd_server: error accepting new connection[0m
[1;31mE (286637) httpd: httpd_accept_conn: error in accept (128)[0m
[0;33mW (286637) httpd: httpd_server: error accepting new connection[0m
[1;31mE (290147) httpd: httpd_accept_conn: error in accept (128)[0m
[0;33mW (290147) httpd: httpd_server: error accepting new connection[0m
[1;31mE (293407) httpd: httpd_accept_conn: error in accept (128)[0m
[0;33mW (293407) httpd: httpd_server: error accepting new connection[0m
[1;31mE (296127) httpd: httpd_accept_conn: error in accept (128)[0m
[0;33mW (296137) httpd: httpd_server: error accepting new connection[0m
[1;31mE (298557) httpd: httpd_accept_conn: error in accept (128)[0m
[0;33mW (298557) httpd: httpd_server: error accepting new connection[0m
[1;31mE (300967) httpd: httpd_accept_conn: error in accept (128)[0m
[0;33mW (300967) httpd: httpd_server: e